#-----------------------------------------------------------
# Vivado v2025.1 (64-bit)
# SW Build 6140274 on Thu May 22 00:12:29 MDT 2025
# IP Build 6138677 on Thu May 22 03:10:11 MDT 2025
# SharedData Build 6139179 on Tue May 20 17:58:58 MDT 2025
# Start of session at: Sun Dec  7 15:09:17 2025
# Process ID         : 2608
# Current directory  : C:/Users/tayle/VivadoProjects/FPGA-Blackjack/FPGA_Blackjack.runs/impl_1
# Command line       : vivado.exe -log top.vdi -applog -product Vivado -messageDb vivado.pb -mode batch -source top.tcl -notrace
# Log file           : C:/Users/tayle/VivadoProjects/FPGA-Blackjack/FPGA_Blackjack.runs/impl_1/top.vdi
# Journal file       : C:/Users/tayle/VivadoProjects/FPGA-Blackjack/FPGA_Blackjack.runs/impl_1\vivado.jou
# Running On         : LAPTOP-UHECG2JI
# Platform           : Windows Server 2016 or Windows 10
# Operating System   : 22631
# Processor Detail   : Intel(R) Core(TM) Ultra 7 155H
# CPU Frequency      : 2995 MHz
# CPU Physical cores : 16
# CPU Logical cores  : 22
# Host memory        : 33752 MB
# Swap memory        : 15569 MB
# Total Virtual      : 49322 MB
# Available Virtual  : 22663 MB
#-----------------------------------------------------------
source top.tcl -notrace
